2025-08-04 22:47:01,610 - INFO:Acceso al sitio del SAT, intento: ACR140408T34
2025-08-04 22:47:12,826 - ERROR:Se excedió el tiempo de espera del sitio
2025-08-04 22:49:33,760 - INFO:Acceso al sitio del SAT, intento: ACR140408T34
2025-08-04 22:49:44,973 - ERROR:Se excedió el tiempo de espera del sitio
2025-08-04 22:51:00,564 - INFO:Acceso al sitio del SAT, intento: ACR140408T34
2025-08-04 22:51:11,771 - ERROR:Se excedió el tiempo de espera del sitio
2025-08-04 22:53:03,321 - INFO:Acceso al sitio del SAT, intento: ACR140408T34
2025-08-04 22:53:14,552 - ERROR:Se excedió el tiempo de espera del sitio
2025-08-04 22:53:54,606 - INFO:Acceso al sitio del SAT, intento: ACR140408T34
2025-08-04 22:54:05,809 - ERROR:Se excedió el tiempo de espera del sitio
2025-08-04 22:54:58,246 - INFO:Acceso al sitio del SAT, intento: ACR140408T34
2025-08-04 22:55:09,480 - ERROR:Se excedió el tiempo de espera del sitio
2025-08-04 22:59:18,620 - ERROR:Se excedió el tiempo de espera del sitio
2025-08-04 23:01:46,155 - INFO:Acceso al sitio del SAT, intento: ACR140408T34
2025-08-04 23:02:01,351 - ERROR:Se excedió el tiempo de espera del sitio
2025-08-04 23:05:28,765 - INFO:Acceso al sitio del SAT, intento: ACR140408T34
2025-08-04 23:10:40,948 - INFO:Acceso al sitio del SAT, intento: ACR140408T34
2025-08-04 23:10:46,580 - INFO:Click en acceso por fiel
2025-08-04 23:10:48,636 - INFO:Seteo path del cert
2025-08-04 23:10:51,679 - INFO:Seteo path del key
2025-08-04 23:10:52,859 - INFO:Seteo password
2025-08-04 23:10:58,589 - INFO:Click Acceso
2025-08-04 23:19:45,916 - INFO:Acceso al sitio del SAT, intento: ACR140408T34
2025-08-04 23:19:52,278 - INFO:Click en acceso por fiel
2025-08-04 23:19:54,339 - INFO:Seteo path del cert
2025-08-04 23:19:57,387 - INFO:Seteo path del key
2025-08-04 23:19:58,578 - INFO:Seteo password
2025-08-04 23:20:38,591 - INFO:Click Acceso
2025-08-04 23:20:54,680 - INFO:Acceso al sitio del SAT, intento: ACR140408T34
2025-08-04 23:21:00,595 - INFO:Click en acceso por fiel
2025-08-04 23:21:02,652 - INFO:Seteo path del cert
2025-08-04 23:21:05,698 - INFO:Seteo path del key
2025-08-04 23:21:06,890 - INFO:Seteo password
2025-08-04 23:21:13,121 - INFO:Click Acceso
2025-08-04 23:22:36,267 - INFO:Acceso al sitio del SAT, intento: ACR140408T34
2025-08-04 23:22:42,195 - INFO:Click en acceso por fiel
2025-08-04 23:22:44,258 - INFO:Seteo path del cert
2025-08-04 23:22:47,303 - INFO:Seteo path del key
2025-08-04 23:22:48,486 - INFO:Seteo password
2025-08-04 23:23:03,381 - INFO:Click Acceso
2025-08-04 23:26:30,492 - INFO:Acceso al sitio del SAT, intento: ACR140408T34
2025-08-04 23:26:37,138 - INFO:Click en acceso por fiel
2025-08-04 23:26:39,211 - INFO:Seteo path del cert
2025-08-04 23:26:42,263 - INFO:Seteo path del key
2025-08-04 23:26:43,448 - INFO:Seteo password
2025-08-04 23:28:44,478 - ERROR:No fue posible logearse, intentar mas tarde!
2025-08-04 23:32:47,664 - INFO:Acceso al sitio del SAT, intento: ACR140408T34
2025-08-04 23:32:53,404 - INFO:Click en acceso por fiel
2025-08-04 23:32:55,466 - INFO:Seteo path del cert
2025-08-04 23:32:58,510 - INFO:Seteo path del key
2025-08-04 23:32:59,699 - INFO:Seteo password
2025-08-04 23:33:01,945 - INFO:Click Acceso
2025-08-04 23:33:36,756 - INFO:Acceso al sitio del SAT, intento: ACR140408T34
2025-08-04 23:33:42,442 - INFO:Click en acceso por fiel
2025-08-04 23:33:44,515 - INFO:Seteo path del cert
2025-08-04 23:33:47,563 - INFO:Seteo path del key
2025-08-04 23:33:48,745 - INFO:Seteo password
2025-08-04 23:33:54,176 - INFO:Click Acceso
2025-08-04 23:34:27,490 - INFO:Acceso al sitio del SAT, intento: ACR140408T34
2025-08-04 23:34:33,099 - INFO:Click en acceso por fiel
2025-08-04 23:34:35,151 - INFO:Seteo path del cert
2025-08-04 23:34:38,194 - INFO:Seteo path del key
2025-08-04 23:34:39,399 - INFO:Seteo password
2025-08-04 23:36:40,473 - ERROR:No fue posible logearse, intentar mas tarde!
2025-08-04 23:38:17,511 - INFO:Acceso al sitio del SAT, intento: ACR140408T34
2025-08-04 23:38:23,213 - INFO:Click en acceso por fiel
2025-08-04 23:38:25,274 - INFO:Seteo path del cert
2025-08-04 23:38:28,318 - INFO:Seteo path del key
2025-08-04 23:38:29,481 - INFO:Seteo password
2025-08-04 23:39:19,369 - INFO:Click Acceso
2025-08-04 23:39:34,929 - INFO:Acceso al sitio del SAT, intento: ACR140408T34
2025-08-04 23:39:43,990 - INFO:Click en acceso por fiel
2025-08-04 23:39:46,061 - INFO:Seteo path del cert
2025-08-04 23:39:49,109 - INFO:Seteo path del key
2025-08-04 23:39:50,279 - INFO:Seteo password
2025-08-04 23:41:51,306 - ERROR:No fue posible logearse, intentar mas tarde!
2025-08-04 23:43:10,324 - INFO:Acceso al sitio del SAT, intento: ACR140408T34
2025-08-04 23:43:15,956 - INFO:Click en acceso por fiel
2025-08-04 23:43:18,014 - INFO:Seteo path del cert
2025-08-04 23:43:21,061 - INFO:Seteo path del key
2025-08-04 23:43:22,233 - INFO:Seteo password
2025-08-04 23:43:28,378 - INFO:Click Acceso
2025-08-04 23:44:36,478 - INFO:Acceso al sitio del SAT, intento: ACR140408T34
2025-08-04 23:44:42,160 - INFO:Click en acceso por fiel
2025-08-04 23:44:44,232 - INFO:Seteo path del cert
2025-08-04 23:44:47,282 - INFO:Seteo path del key
2025-08-04 23:44:48,450 - INFO:Seteo password
2025-08-04 23:44:52,934 - INFO:Click Acceso
2025-08-04 23:45:39,933 - INFO:Acceso al sitio del SAT, intento: ACR140408T34
2025-08-04 23:45:45,072 - INFO:Click en acceso por fiel
2025-08-04 23:45:47,080 - ERROR:No fue posible logearse, intentar mas tarde!
2025-08-04 23:46:19,932 - INFO:Acceso al sitio del SAT, intento: ACR140408T34
2025-08-04 23:46:30,785 - INFO:Click en acceso por fiel
2025-08-04 23:46:32,860 - INFO:Seteo path del cert
2025-08-04 23:46:35,904 - INFO:Seteo path del key
2025-08-04 23:46:37,073 - INFO:Seteo password
2025-08-04 23:46:47,694 - INFO:Click Acceso
2025-08-04 23:48:11,126 - INFO:Acceso al sitio del SAT, intento: ACR140408T34
2025-08-04 23:48:16,729 - INFO:Click en acceso por fiel
2025-08-04 23:48:18,786 - INFO:Seteo path del cert
2025-08-04 23:48:21,829 - INFO:Seteo path del key
2025-08-04 23:48:22,999 - INFO:Seteo password
2025-08-04 23:48:25,234 - INFO:Click Acceso
2025-08-04 23:48:53,017 - INFO:Acceso al sitio del SAT, intento: ACR140408T34
2025-08-04 23:49:03,701 - INFO:Click en acceso por fiel
2025-08-04 23:49:05,763 - INFO:Seteo path del cert
2025-08-04 23:49:08,814 - INFO:Seteo path del key
2025-08-04 23:49:10,002 - INFO:Seteo password
2025-08-04 23:49:18,339 - INFO:Click Acceso
2025-08-04 23:52:09,207 - INFO:Acceso al sitio del SAT, intento: ACR140408T34
2025-08-04 23:52:18,241 - INFO:Click en acceso por fiel
2025-08-04 23:52:20,308 - INFO:Seteo path del cert
2025-08-04 23:52:23,356 - INFO:Seteo path del key
2025-08-04 23:52:24,544 - INFO:Seteo password
2025-08-04 23:52:30,097 - INFO:Click Acceso
2025-08-04 23:54:52,355 - INFO:Acceso al sitio del SAT, intento: ACR140408T34
2025-08-04 23:55:02,216 - INFO:Click en acceso por fiel
2025-08-04 23:55:04,277 - INFO:Seteo path del cert
2025-08-04 23:55:07,322 - INFO:Seteo path del key
2025-08-04 23:55:08,494 - INFO:Seteo password
2025-08-04 23:55:13,352 - INFO:Click Acceso
2025-08-11 21:27:31,538 - INFO:Acceso al sitio del SAT, intento: ACR140408T34
2025-08-11 21:27:37,501 - INFO:Click en acceso por fiel
2025-08-11 21:27:39,565 - INFO:Seteo path del cert
2025-08-11 21:27:42,615 - INFO:Seteo path del key
2025-08-11 21:27:43,813 - INFO:Seteo password
2025-08-11 21:27:55,213 - INFO:Click Acceso
2025-08-11 21:30:52,830 - INFO:Acceso al sitio del SAT, intento: ACR140408T34
2025-08-11 21:30:58,534 - INFO:Click en acceso por fiel
2025-08-11 21:31:00,591 - INFO:Seteo path del cert
2025-08-11 21:31:03,643 - INFO:Seteo path del key
2025-08-11 21:31:04,837 - INFO:Seteo password
2025-08-11 21:31:14,435 - INFO:Click Acceso
2025-08-11 21:33:57,245 - INFO:Acceso al sitio del SAT, intento: ACR140408T34
2025-08-11 21:34:02,877 - INFO:Click en acceso por fiel
2025-08-11 21:34:04,942 - INFO:Seteo path del cert
2025-08-11 21:34:07,993 - INFO:Seteo path del key
2025-08-11 21:34:09,174 - INFO:Seteo password
2025-08-11 21:34:16,390 - INFO:Click Acceso
2025-08-11 21:35:28,316 - INFO:Acceso al sitio del SAT, intento: ACR140408T34
2025-08-11 21:35:34,070 - INFO:Click en acceso por fiel
2025-08-11 21:35:36,134 - INFO:Seteo path del cert
2025-08-11 21:35:39,182 - INFO:Seteo path del key
2025-08-11 21:35:40,369 - INFO:Seteo password
2025-08-11 21:35:51,152 - INFO:Click Acceso
2025-08-11 21:39:26,044 - INFO:Acceso al sitio del SAT, intento: ACR140408T34
2025-08-11 21:39:32,024 - INFO:Click en acceso por fiel
2025-08-11 21:39:34,086 - INFO:Seteo path del cert
2025-08-11 21:39:37,133 - INFO:Seteo path del key
2025-08-11 21:39:38,332 - INFO:Seteo password
2025-08-11 21:39:48,765 - INFO:Click Acceso
2025-08-11 21:41:26,490 - INFO:Acceso al sitio del SAT, intento: ACR140408T34
2025-08-11 21:41:32,337 - INFO:Click en acceso por fiel
2025-08-11 21:41:34,394 - INFO:Seteo path del cert
2025-08-11 21:41:37,438 - INFO:Seteo path del key
2025-08-11 21:41:38,627 - INFO:Seteo password
2025-08-11 21:41:47,948 - INFO:Click Acceso
2025-08-11 21:44:43,748 - INFO:Acceso al sitio del SAT, intento: ACR140408T34
2025-08-11 21:44:49,423 - INFO:Click en acceso por fiel
2025-08-11 21:44:51,489 - INFO:Seteo path del cert
2025-08-11 21:44:54,535 - INFO:Seteo path del key
2025-08-11 21:44:55,722 - INFO:Seteo password
2025-08-11 21:45:04,596 - INFO:Click Acceso
2025-08-11 21:48:44,943 - INFO:Acceso al sitio del SAT, intento: ACR140408T34
2025-08-11 21:48:50,684 - INFO:Click en acceso por fiel
2025-08-11 21:48:52,736 - INFO:Seteo path del cert
2025-08-11 21:48:55,785 - INFO:Seteo path del key
2025-08-11 21:48:56,973 - INFO:Seteo password
2025-08-11 21:49:01,545 - INFO:Click Acceso
2025-08-11 21:50:34,962 - INFO:Acceso al sitio del SAT, intento: ACR140408T34
2025-08-11 21:50:40,645 - INFO:Click en acceso por fiel
2025-08-11 21:50:42,725 - INFO:Seteo path del cert
2025-08-11 21:50:45,770 - INFO:Seteo path del key
2025-08-11 21:50:46,956 - INFO:Seteo password
2025-08-11 21:50:56,094 - INFO:Click Acceso
2025-08-11 21:55:44,397 - INFO:Acceso al sitio del SAT, intento: ACR140408T34
2025-08-11 21:55:50,177 - INFO:Click en acceso por fiel
2025-08-11 21:55:52,237 - INFO:Seteo path del cert
2025-08-11 21:55:55,290 - INFO:Seteo path del key
2025-08-11 21:55:56,481 - INFO:Seteo password
2025-08-11 21:56:07,843 - INFO:Click Acceso
2025-08-11 21:56:59,611 - INFO:Acceso al sitio del SAT, intento: ACR140408T34
2025-08-11 21:57:05,215 - INFO:Click en acceso por fiel
2025-08-11 21:57:07,281 - INFO:Seteo path del cert
2025-08-11 21:57:10,327 - INFO:Seteo path del key
2025-08-11 21:57:11,526 - INFO:Seteo password
2025-08-11 21:57:20,762 - INFO:Click Acceso
2025-08-11 22:00:10,241 - INFO:Acceso al sitio del SAT, intento: ACR140408T34
2025-08-11 22:00:15,863 - INFO:Click en acceso por fiel
2025-08-11 22:00:17,929 - INFO:Seteo path del cert
2025-08-11 22:00:20,979 - INFO:Seteo path del key
2025-08-11 22:00:22,166 - INFO:Seteo password
2025-08-11 22:00:32,291 - INFO:Click Acceso
2025-08-11 22:06:26,846 - INFO:Acceso al sitio del SAT, intento: ACR140408T34
2025-08-11 22:06:32,527 - INFO:Click en acceso por fiel
2025-08-11 22:06:34,593 - INFO:Seteo path del cert
2025-08-11 22:06:37,636 - INFO:Seteo path del key
2025-08-11 22:06:38,838 - INFO:Seteo password
2025-08-11 22:06:47,877 - INFO:Click Acceso
2025-08-11 22:09:22,058 - INFO:Acceso al sitio del SAT, intento: ACR140408T34
2025-08-11 22:09:28,298 - INFO:Click en acceso por fiel
2025-08-11 22:09:30,361 - INFO:Seteo path del cert
2025-08-11 22:09:33,407 - INFO:Seteo path del key
2025-08-11 22:09:34,596 - INFO:Seteo password
2025-08-11 22:09:46,819 - INFO:Click Acceso
2025-08-11 22:14:38,488 - INFO:Acceso al sitio del SAT, intento: ACR140408T34
2025-08-11 22:14:44,854 - INFO:Click en acceso por fiel
2025-08-11 22:14:46,923 - INFO:Seteo path del cert
2025-08-11 22:14:49,966 - INFO:Seteo path del key
2025-08-11 22:14:51,150 - INFO:Seteo password
2025-08-11 22:15:01,793 - INFO:Click Acceso
2025-08-11 22:16:39,173 - INFO:Acceso al sitio del SAT, intento: ACR140408T34
2025-08-11 22:16:46,217 - INFO:Click en acceso por fiel
2025-08-11 22:16:48,295 - INFO:Seteo path del cert
2025-08-11 22:16:51,342 - INFO:Seteo path del key
2025-08-11 22:16:52,531 - INFO:Seteo password
2025-08-11 22:18:53,565 - ERROR:No fue posible logearse, intentar mas tarde!
2025-08-11 22:19:24,899 - INFO:Acceso al sitio del SAT, intento: ACR140408T34
2025-08-11 22:19:30,564 - INFO:Click en acceso por fiel
2025-08-11 22:19:32,642 - INFO:Seteo path del cert
2025-08-11 22:19:35,691 - INFO:Seteo path del key
2025-08-11 22:19:36,881 - INFO:Seteo password
2025-08-11 22:19:45,381 - INFO:Click Acceso
2025-08-11 22:22:58,909 - INFO:Acceso al sitio del SAT, intento: ACR140408T34
2025-08-11 22:23:04,604 - INFO:Click en acceso por fiel
2025-08-11 22:23:06,672 - INFO:Seteo path del cert
2025-08-11 22:23:09,724 - INFO:Seteo path del key
2025-08-11 22:23:10,907 - INFO:Seteo password
2025-08-11 22:23:19,163 - INFO:Click Acceso
2025-08-11 22:24:30,990 - INFO:Acceso al sitio del SAT, intento: ACR140408T34
2025-08-11 22:24:36,625 - INFO:Click en acceso por fiel
2025-08-11 22:24:38,687 - INFO:Seteo path del cert
2025-08-11 22:24:41,725 - INFO:Seteo path del key
2025-08-11 22:24:42,909 - INFO:Seteo password
2025-08-11 22:24:45,263 - INFO:Click Acceso
2025-08-11 22:25:21,646 - INFO:Acceso al sitio del SAT, intento: ACR140408T34
2025-08-11 22:25:27,280 - INFO:Click en acceso por fiel
2025-08-11 22:25:29,362 - INFO:Seteo path del cert
2025-08-11 22:25:32,413 - INFO:Seteo path del key
2025-08-11 22:25:33,594 - INFO:Seteo password
2025-08-11 22:25:38,283 - INFO:Click Acceso
2025-08-11 23:38:33,249 - INFO:Acceso al sitio del SAT, intento: ACR140408T34
2025-08-11 23:38:39,086 - INFO:Click en acceso por fiel
2025-08-11 23:38:41,146 - INFO:Seteo path del cert
2025-08-11 23:38:44,191 - INFO:Seteo path del key
2025-08-11 23:38:45,374 - INFO:Seteo password
2025-08-11 23:38:55,745 - INFO:Click Acceso
2025-08-11 23:40:04,922 - INFO:Acceso al sitio del SAT, intento: ACR140408T34
2025-08-11 23:40:11,386 - INFO:Click en acceso por fiel
2025-08-11 23:40:13,445 - INFO:Seteo path del cert
2025-08-11 23:40:16,484 - INFO:Seteo path del key
2025-08-11 23:40:17,664 - INFO:Seteo password
2025-08-11 23:40:30,036 - INFO:Click Acceso
2025-08-11 23:42:12,075 - INFO:Acceso al sitio del SAT, intento: ACR140408T34
2025-08-11 23:42:17,680 - INFO:Click en acceso por fiel
2025-08-11 23:42:19,735 - INFO:Seteo path del cert
2025-08-11 23:42:22,780 - INFO:Seteo path del key
2025-08-11 23:42:23,962 - INFO:Seteo password
2025-08-11 23:42:32,848 - INFO:Click Acceso
2025-08-12 19:32:38,121 - INFO:Acceso al sitio del SAT, intento: ACR140408T34
2025-08-12 19:32:43,737 - INFO:Click en acceso por fiel
2025-08-12 19:32:46,931 - INFO:Seteo path del cert
2025-08-12 19:32:49,980 - INFO:Seteo path del key
2025-08-12 19:32:51,161 - INFO:Seteo password
2025-08-12 19:32:56,785 - INFO:Click Acceso
2025-08-12 19:33:37,503 - INFO:Acceso al sitio del SAT, intento: ACR140408T34
2025-08-12 19:34:10,088 - INFO:Click en acceso por fiel
2025-08-12 19:34:12,148 - INFO:Seteo path del cert
2025-08-12 19:34:15,192 - INFO:Seteo path del key
2025-08-12 19:34:16,355 - INFO:Seteo password
2025-08-12 19:34:21,413 - INFO:Click Acceso
2025-08-12 19:48:19,493 - INFO:Acceso al sitio del SAT, intento: ACR140408T34
2025-08-12 19:48:25,435 - INFO:Click en acceso por fiel
2025-08-12 19:48:27,494 - INFO:Seteo path del cert
2025-08-12 19:48:30,541 - INFO:Seteo path del key
2025-08-12 19:48:31,705 - INFO:Seteo password
2025-08-12 19:48:34,092 - INFO:Click Acceso
2025-08-12 19:50:01,006 - INFO:Acceso al sitio del SAT, intento: ACR140408T34
2025-08-12 19:52:06,068 - ERROR:No fue posible logearse, intentar mas tarde!
2025-08-12 19:55:35,194 - INFO:Acceso al sitio del SAT, intento: ACR140408T34
2025-08-12 19:55:40,950 - INFO:Click en acceso por fiel
2025-08-12 19:55:43,020 - INFO:Seteo path del cert
2025-08-12 19:55:46,069 - INFO:Seteo path del key
2025-08-12 19:55:47,228 - INFO:Seteo password
2025-08-12 19:55:58,115 - INFO:Click Acceso
2025-08-12 20:02:58,550 - INFO:Acceso al sitio del SAT, intento: ACR140408T34
2025-08-12 20:03:04,506 - INFO:Click en acceso por fiel
2025-08-12 20:03:06,564 - INFO:Seteo path del cert
2025-08-12 20:03:09,608 - INFO:Seteo path del key
2025-08-12 20:03:10,774 - INFO:Seteo password
2025-08-12 20:05:11,814 - ERROR:No fue posible logearse, intentar mas tarde!
2025-08-12 20:06:46,963 - INFO:Acceso al sitio del SAT, intento: ACR140408T34
2025-08-12 20:06:53,397 - INFO:Click en acceso por fiel
2025-08-12 20:06:55,454 - INFO:Seteo path del cert
2025-08-12 20:06:58,498 - INFO:Seteo path del key
2025-08-12 20:06:59,667 - INFO:Seteo password
2025-08-12 20:07:04,308 - INFO:Click Acceso
2025-08-12 20:24:24,212 - INFO:Acceso al sitio del SAT, intento: ACR140408T34
2025-08-12 20:24:30,006 - INFO:Click en acceso por fiel
2025-08-12 20:24:32,076 - INFO:Seteo path del cert
2025-08-12 20:24:35,123 - INFO:Seteo path del key
2025-08-12 20:24:36,292 - INFO:Seteo password
2025-08-12 20:24:40,589 - INFO:Click Acceso
2025-08-12 20:34:03,455 - INFO:Acceso al sitio del SAT, intento: ACR140408T34
2025-08-12 20:34:09,061 - INFO:Click en acceso por fiel
2025-08-12 20:34:11,120 - INFO:Seteo path del cert
2025-08-12 20:34:14,168 - INFO:Seteo path del key
2025-08-12 20:34:15,341 - INFO:Seteo password
2025-08-12 20:34:17,548 - INFO:Click Acceso
2025-08-12 20:34:58,144 - INFO:Acceso al sitio del SAT, intento: ACR140408T34
2025-08-12 20:35:03,827 - INFO:Click en acceso por fiel
2025-08-12 20:35:05,891 - INFO:Seteo path del cert
2025-08-12 20:35:08,935 - INFO:Seteo path del key
2025-08-12 20:35:10,104 - INFO:Seteo password
2025-08-12 20:35:14,653 - INFO:Click Acceso
2025-08-12 20:36:32,971 - INFO:Acceso al sitio del SAT, intento: ACR140408T34
2025-08-12 20:36:39,326 - INFO:Click en acceso por fiel
2025-08-12 20:36:41,395 - INFO:Seteo path del cert
2025-08-12 20:36:44,444 - INFO:Seteo path del key
2025-08-12 20:36:45,616 - INFO:Seteo password
2025-08-12 20:36:47,998 - INFO:Click Acceso
2025-08-12 21:12:40,145 - INFO:Acceso al sitio del SAT, intento: ACR140408T34
2025-08-12 21:12:45,923 - INFO:Click en acceso por fiel
2025-08-12 21:12:47,981 - INFO:Seteo path del cert
2025-08-12 21:12:51,028 - INFO:Seteo path del key
2025-08-12 21:12:52,198 - INFO:Seteo password
2025-08-12 21:12:54,514 - INFO:Click Acceso
2025-08-12 21:13:35,544 - INFO:Acceso al sitio del SAT, intento: ACR140408T34
2025-08-12 21:13:41,157 - INFO:Click en acceso por fiel
2025-08-12 21:13:43,231 - INFO:Seteo path del cert
2025-08-12 21:13:46,276 - INFO:Seteo path del key
2025-08-12 21:13:47,444 - INFO:Seteo password
2025-08-12 21:13:49,573 - INFO:Click Acceso
2025-08-12 21:14:34,902 - INFO:Acceso al sitio del SAT, intento: ACR140408T34
2025-08-12 21:14:40,587 - INFO:Click en acceso por fiel
2025-08-12 21:14:42,654 - INFO:Seteo path del cert
2025-08-12 21:14:45,701 - INFO:Seteo path del key
2025-08-12 21:14:46,861 - INFO:Seteo password
2025-08-12 21:14:49,359 - INFO:Click Acceso
2025-08-12 21:16:15,344 - INFO:Acceso al sitio del SAT, intento: ACR140408T34
2025-08-12 21:16:20,971 - INFO:Click en acceso por fiel
2025-08-12 21:16:23,038 - INFO:Seteo path del cert
2025-08-12 21:16:26,083 - INFO:Seteo path del key
2025-08-12 21:16:27,249 - INFO:Seteo password
2025-08-12 21:16:33,576 - INFO:Click Acceso
2025-08-12 21:19:50,018 - INFO:Acceso al sitio del SAT, intento: ACR140408T34
2025-08-12 21:19:56,387 - INFO:Click en acceso por fiel
2025-08-12 21:19:58,443 - INFO:Seteo path del cert
2025-08-12 21:20:01,492 - INFO:Seteo path del key
2025-08-12 21:20:02,666 - INFO:Seteo password
2025-08-12 21:20:04,941 - INFO:Click Acceso
2025-08-12 21:33:49,964 - INFO:Acceso al sitio del SAT, intento: ACR140408T34
2025-08-12 21:33:55,653 - INFO:Click en acceso por fiel
2025-08-12 21:33:57,709 - INFO:Seteo path del cert
2025-08-12 21:34:00,753 - INFO:Seteo path del key
2025-08-12 21:34:01,922 - INFO:Seteo password
2025-08-12 21:36:02,949 - ERROR:No fue posible logearse, intentar mas tarde!
2025-08-12 21:37:23,979 - INFO:Acceso al sitio del SAT, intento: ACR140408T34
2025-08-12 21:37:29,609 - INFO:Click en acceso por fiel
2025-08-12 21:37:31,675 - INFO:Seteo path del cert
2025-08-12 21:37:34,725 - INFO:Seteo path del key
2025-08-12 21:37:35,888 - INFO:Seteo password
2025-08-12 21:37:42,820 - INFO:Click Acceso
2025-08-12 21:50:46,050 - INFO:Acceso al sitio del SAT, intento: ACR140408T34
2025-08-12 21:50:51,917 - INFO:Click en acceso por fiel
2025-08-12 21:50:53,978 - INFO:Seteo path del cert
2025-08-12 21:50:57,017 - INFO:Seteo path del key
2025-08-12 21:50:58,166 - INFO:Seteo password
2025-08-12 21:51:02,741 - INFO:Click Acceso
2025-08-12 21:53:17,251 - INFO:Acceso al sitio del SAT, intento: ACR140408T34
2025-08-12 21:53:22,877 - INFO:Click en acceso por fiel
2025-08-12 21:53:24,940 - INFO:Seteo path del cert
2025-08-12 21:53:27,986 - INFO:Seteo path del key
2025-08-12 21:53:29,155 - INFO:Seteo password
2025-08-12 21:53:33,843 - INFO:Click Acceso
2025-08-12 22:32:44,052 - INFO:Acceso al sitio del SAT, intento: ACR140408T34
2025-08-12 22:32:49,912 - INFO:Click en acceso por fiel
2025-08-12 22:32:51,975 - INFO:Seteo path del cert
2025-08-12 22:32:55,024 - INFO:Seteo path del key
2025-08-12 22:32:56,194 - INFO:Seteo password
2025-08-12 22:33:00,983 - INFO:Click Acceso
2025-08-12 22:35:06,763 - INFO:Acceso al sitio del SAT, intento: ACR140408T34
2025-08-12 22:35:12,487 - INFO:Click en acceso por fiel
2025-08-12 22:35:14,545 - INFO:Seteo path del cert
2025-08-12 22:35:17,593 - INFO:Seteo path del key
2025-08-12 22:35:18,757 - INFO:Seteo password
2025-08-12 22:35:23,313 - INFO:Click Acceso
2025-08-12 22:43:47,132 - INFO:Acceso al sitio del SAT, intento: ACR140408T34
2025-08-12 22:43:52,959 - INFO:Click en acceso por fiel
2025-08-12 22:43:55,021 - INFO:Seteo path del cert
2025-08-12 22:43:58,070 - INFO:Seteo path del key
2025-08-12 22:43:59,239 - INFO:Seteo password
2025-08-12 22:44:04,041 - INFO:Click Acceso
2025-08-12 22:48:51,900 - INFO:Acceso al sitio del SAT, intento: ACR140408T34
2025-08-12 22:48:57,645 - INFO:Click en acceso por fiel
2025-08-12 22:48:59,704 - INFO:Seteo path del cert
2025-08-12 22:49:02,752 - INFO:Seteo path del key
2025-08-12 22:49:03,920 - INFO:Seteo password
2025-08-12 22:49:08,533 - INFO:Click Acceso
2025-08-12 22:52:46,024 - INFO:Acceso al sitio del SAT, intento: ACR140408T34
2025-08-12 22:52:51,865 - INFO:Click en acceso por fiel
2025-08-12 22:52:53,920 - INFO:Seteo path del cert
2025-08-12 22:52:56,964 - INFO:Seteo path del key
2025-08-12 22:52:58,136 - INFO:Seteo password
2025-08-12 22:53:03,049 - INFO:Click Acceso
2025-08-12 22:56:40,835 - INFO:Acceso al sitio del SAT, intento: ACR140408T34
2025-08-12 22:56:46,677 - INFO:Click en acceso por fiel
2025-08-12 22:56:48,732 - INFO:Seteo path del cert
2025-08-12 22:56:51,779 - INFO:Seteo path del key
2025-08-12 22:56:52,943 - INFO:Seteo password
2025-08-12 22:56:58,362 - INFO:Click Acceso
2025-08-12 22:59:12,547 - INFO:Acceso al sitio del SAT, intento: ACR140408T34
2025-08-12 22:59:18,390 - INFO:Click en acceso por fiel
2025-08-12 22:59:20,452 - INFO:Seteo path del cert
2025-08-12 22:59:23,499 - INFO:Seteo path del key
2025-08-12 22:59:24,663 - INFO:Seteo password
2025-08-12 22:59:29,394 - INFO:Click Acceso
2025-08-12 23:08:51,725 - INFO:Acceso al sitio del SAT, intento: ACR140408T34
2025-08-12 23:08:57,345 - INFO:Click en acceso por fiel
2025-08-12 23:08:59,401 - INFO:Seteo path del cert
2025-08-12 23:09:02,450 - INFO:Seteo path del key
2025-08-12 23:09:03,619 - INFO:Seteo password
2025-08-12 23:09:08,265 - INFO:Click Acceso
2025-08-12 23:12:39,136 - INFO:Acceso al sitio del SAT, intento: ACR140408T34
2025-08-12 23:12:44,808 - INFO:Click en acceso por fiel
2025-08-12 23:12:46,860 - INFO:Seteo path del cert
2025-08-12 23:12:49,906 - INFO:Seteo path del key
2025-08-12 23:12:51,072 - INFO:Seteo password
2025-08-12 23:12:55,886 - INFO:Click Acceso
2025-08-12 23:15:49,214 - INFO:Acceso al sitio del SAT, intento: ACR140408T34
2025-08-12 23:15:54,832 - INFO:Click en acceso por fiel
2025-08-12 23:15:56,892 - INFO:Seteo path del cert
2025-08-12 23:15:59,937 - INFO:Seteo path del key
2025-08-12 23:16:01,114 - INFO:Seteo password
2025-08-12 23:18:02,142 - ERROR:No fue posible logearse, intentar mas tarde!
2025-08-12 23:18:24,219 - INFO:Acceso al sitio del SAT, intento: ACR140408T34
2025-08-12 23:18:30,168 - INFO:Click en acceso por fiel
2025-08-12 23:18:32,220 - INFO:Seteo path del cert
2025-08-12 23:18:35,266 - INFO:Seteo path del key
2025-08-12 23:18:36,435 - INFO:Seteo password
2025-08-12 23:18:40,878 - INFO:Click Acceso
2025-08-13 10:48:42,421 - INFO:Acceso al sitio del SAT, intento: ACR140408T34
2025-08-13 10:48:48,402 - INFO:Click en acceso por fiel
2025-08-13 10:48:50,465 - INFO:Seteo path del cert
2025-08-13 10:48:53,508 - INFO:Seteo path del key
2025-08-13 10:48:54,695 - INFO:Seteo password
2025-08-13 10:50:55,721 - ERROR:No fue posible logearse, intentar mas tarde!
2025-08-13 10:52:36,834 - INFO:Acceso al sitio del SAT, intento: ACR140408T34
2025-08-13 10:52:42,501 - INFO:Click en acceso por fiel
2025-08-13 10:52:44,561 - INFO:Seteo path del cert
2025-08-13 10:52:47,604 - INFO:Seteo path del key
2025-08-13 10:52:48,790 - INFO:Seteo password
2025-08-13 10:54:49,809 - ERROR:No fue posible logearse, intentar mas tarde!
2025-08-13 10:56:43,240 - INFO:Acceso al sitio del SAT, intento: ACR140408T34
2025-08-13 10:56:58,599 - INFO:Click en acceso por fiel
2025-08-13 10:57:00,672 - INFO:Seteo path del cert
2025-08-13 10:57:03,719 - INFO:Seteo path del key
2025-08-13 10:57:04,901 - INFO:Seteo password
2025-08-13 10:57:17,472 - INFO:Click Acceso
2025-08-13 10:58:22,050 - INFO:Acceso al sitio del SAT, intento: ACR140408T34
2025-08-13 10:58:28,042 - INFO:Click en acceso por fiel
2025-08-13 10:58:30,115 - INFO:Seteo path del cert
2025-08-13 10:58:33,156 - INFO:Seteo path del key
2025-08-13 10:58:34,340 - INFO:Seteo password
2025-08-13 10:59:06,592 - INFO:Click Acceso
2025-08-13 11:27:55,543 - INFO:Acceso al sitio del SAT, intento: ACR140408T34
2025-08-13 11:28:01,253 - INFO:Click en acceso por fiel
2025-08-13 11:28:03,326 - INFO:Seteo path del cert
2025-08-13 11:28:06,370 - INFO:Seteo path del key
2025-08-13 11:28:07,549 - INFO:Seteo password
2025-08-13 11:28:13,856 - INFO:Click Acceso
2025-08-13 12:11:41,965 - INFO:Acceso al sitio del SAT, intento: ACR140408T34
2025-08-13 12:11:47,723 - INFO:Click en acceso por fiel
2025-08-13 12:11:49,784 - INFO:Seteo path del cert
2025-08-13 12:11:52,831 - INFO:Seteo path del key
2025-08-13 12:11:54,013 - INFO:Seteo password
2025-08-13 12:11:59,384 - INFO:Click Acceso
2025-08-13 12:12:52,567 - INFO:Acceso al sitio del SAT, intento: ACR140408T34
2025-08-13 12:12:58,311 - INFO:Click en acceso por fiel
2025-08-13 12:13:00,372 - INFO:Seteo path del cert
2025-08-13 12:13:03,418 - INFO:Seteo path del key
2025-08-13 12:13:04,605 - INFO:Seteo password
2025-08-13 12:13:09,486 - INFO:Click Acceso
2025-08-13 12:15:15,954 - INFO:Acceso al sitio del SAT, intento: ACR140408T34
2025-08-13 12:15:22,373 - INFO:Click en acceso por fiel
2025-08-13 12:15:24,433 - INFO:Seteo path del cert
2025-08-13 12:15:27,481 - INFO:Seteo path del key
2025-08-13 12:15:28,660 - INFO:Seteo password
2025-08-13 12:16:01,468 - INFO:Click Acceso
2025-08-13 12:17:13,013 - INFO:Acceso al sitio del SAT, intento: ACR140408T34
2025-08-13 12:17:18,785 - INFO:Click en acceso por fiel
2025-08-13 12:17:20,844 - INFO:Seteo path del cert
2025-08-13 12:17:23,892 - INFO:Seteo path del key
2025-08-13 12:17:25,084 - INFO:Seteo password
2025-08-13 12:17:30,786 - INFO:Click Acceso
2025-08-13 12:20:30,972 - INFO:Acceso al sitio del SAT, intento: ACR140408T34
2025-08-13 12:20:42,012 - INFO:Click en acceso por fiel
2025-08-13 12:20:44,084 - INFO:Seteo path del cert
2025-08-13 12:20:47,121 - INFO:Seteo path del key
2025-08-13 12:20:48,311 - INFO:Seteo password
2025-08-13 12:22:49,328 - ERROR:No fue posible logearse, intentar mas tarde!
2025-08-13 12:25:27,811 - INFO:Acceso al sitio del SAT, intento: ACR140408T34
2025-08-13 12:25:34,230 - INFO:Click en acceso por fiel
2025-08-13 12:25:36,294 - INFO:Seteo path del cert
2025-08-13 12:25:39,340 - INFO:Seteo path del key
2025-08-13 12:25:40,527 - INFO:Seteo password
2025-08-13 12:27:41,549 - ERROR:No fue posible logearse, intentar mas tarde!
2025-08-13 12:29:22,026 - INFO:Acceso al sitio del SAT, intento: ACR140408T34
2025-08-13 12:29:27,920 - INFO:Click en acceso por fiel
2025-08-13 12:29:29,982 - INFO:Seteo path del cert
2025-08-13 12:29:33,032 - INFO:Seteo path del key
2025-08-13 12:29:34,219 - INFO:Seteo password
2025-08-13 12:29:38,910 - INFO:Click Acceso
2025-08-13 12:33:15,075 - INFO:Acceso al sitio del SAT, intento: ACR140408T34
2025-08-13 12:33:21,524 - INFO:Click en acceso por fiel
2025-08-13 12:33:23,584 - INFO:Seteo path del cert
2025-08-13 12:33:26,631 - INFO:Seteo path del key
2025-08-13 12:33:27,809 - INFO:Seteo password
2025-08-13 12:33:32,648 - INFO:Click Acceso
2025-08-13 15:06:44,869 - INFO:Acceso al sitio del SAT, intento: ACR140408T34
2025-08-13 15:06:50,692 - INFO:Click en acceso por fiel
2025-08-13 15:06:52,755 - INFO:Seteo path del cert
2025-08-13 15:06:55,804 - INFO:Seteo path del key
2025-08-13 15:06:56,994 - INFO:Seteo password
2025-08-13 15:07:05,914 - INFO:Click Acceso
2025-08-13 20:37:36,992 - INFO:Acceso al sitio del SAT, intento: ACR140408T34
2025-08-13 20:37:42,907 - INFO:Click en acceso por fiel
2025-08-13 20:37:44,968 - INFO:Seteo path del cert
2025-08-13 20:37:48,014 - INFO:Seteo path del key
2025-08-13 20:37:49,202 - INFO:Seteo password
2025-08-13 20:39:35,544 - INFO:Click Acceso
2025-08-13 20:55:45,370 - INFO:Acceso al sitio del SAT, intento: ACR140408T34
2025-08-13 20:55:51,002 - INFO:Click en acceso por fiel
2025-08-13 20:55:53,065 - INFO:Seteo path del cert
2025-08-13 20:55:56,112 - INFO:Seteo path del key
2025-08-13 20:55:57,306 - INFO:Seteo password
2025-08-13 20:56:02,018 - INFO:Click Acceso
2025-08-13 20:59:52,749 - INFO:Acceso al sitio del SAT, intento: ACR140408T34
2025-08-13 20:59:59,712 - INFO:Click en acceso por fiel
2025-08-13 21:00:01,764 - INFO:Seteo path del cert
2025-08-13 21:00:04,800 - INFO:Seteo path del key
2025-08-13 21:00:05,960 - INFO:Seteo password
2025-08-13 21:00:11,463 - INFO:Click Acceso
2025-08-13 21:02:41,652 - INFO:Acceso al sitio del SAT, intento: ACR140408T34
2025-08-13 21:02:47,935 - INFO:Click en acceso por fiel
2025-08-13 21:02:50,001 - INFO:Seteo path del cert
2025-08-13 21:02:53,038 - INFO:Seteo path del key
2025-08-13 21:02:54,224 - INFO:Seteo password
2025-08-13 21:04:55,247 - ERROR:No fue posible logearse, intentar mas tarde!
2025-08-13 21:05:40,440 - INFO:Acceso al sitio del SAT, intento: ACR140408T34
2025-08-13 21:05:47,168 - INFO:Click en acceso por fiel
2025-08-13 21:05:49,222 - INFO:Seteo path del cert
2025-08-13 21:05:52,264 - INFO:Seteo path del key
2025-08-13 21:05:53,458 - INFO:Seteo password
2025-08-13 21:05:58,533 - INFO:Click Acceso
2025-08-13 21:08:49,938 - INFO:Acceso al sitio del SAT, intento: ACR140408T34
2025-08-13 21:08:55,915 - INFO:Click en acceso por fiel
2025-08-13 21:08:57,980 - INFO:Seteo path del cert
2025-08-13 21:09:01,020 - INFO:Seteo path del key
2025-08-13 21:09:02,213 - INFO:Seteo password
2025-08-13 21:10:16,813 - INFO:Click Acceso
2025-08-13 21:10:35,809 - INFO:Acceso al sitio del SAT, intento: ACR140408T34
2025-08-13 21:10:41,440 - INFO:Click en acceso por fiel
2025-08-13 21:10:43,500 - INFO:Seteo path del cert
2025-08-13 21:10:46,546 - INFO:Seteo path del key
2025-08-13 21:10:47,708 - INFO:Seteo password
2025-08-13 21:12:24,753 - INFO:Click Acceso
2025-08-13 21:13:38,255 - INFO:Acceso al sitio del SAT, intento: ACR140408T34
2025-08-13 21:13:43,930 - INFO:Click en acceso por fiel
2025-08-13 21:13:45,988 - INFO:Seteo path del cert
2025-08-13 21:13:49,037 - INFO:Seteo path del key
2025-08-13 21:13:50,216 - INFO:Seteo password
2025-08-13 21:14:05,833 - INFO:Click Acceso
2025-08-13 21:20:39,756 - INFO:Acceso al sitio del SAT, intento: ACR140408T34
2025-08-13 21:20:45,362 - INFO:Click en acceso por fiel
2025-08-13 21:20:47,414 - INFO:Seteo path del cert
2025-08-13 21:20:50,458 - INFO:Seteo path del key
2025-08-13 21:20:51,641 - INFO:Seteo password
2025-08-13 21:20:56,126 - INFO:Click Acceso
2025-08-13 21:22:55,314 - INFO:Acceso al sitio del SAT, intento: ACR140408T34
2025-08-13 21:23:01,157 - INFO:Click en acceso por fiel
2025-08-13 21:23:03,215 - INFO:Seteo path del cert
2025-08-13 21:23:06,264 - INFO:Seteo path del key
2025-08-13 21:23:07,445 - INFO:Seteo password
2025-08-13 21:23:10,328 - INFO:Click Acceso
2025-08-13 21:25:41,244 - INFO:Acceso al sitio del SAT, intento: ACR140408T34
2025-08-13 21:25:46,818 - INFO:Click en acceso por fiel
2025-08-13 21:25:48,885 - INFO:Seteo path del cert
2025-08-13 21:25:51,930 - INFO:Seteo path del key
2025-08-13 21:25:53,107 - INFO:Seteo password
2025-08-13 21:26:28,818 - INFO:Click Acceso
2025-08-13 21:49:02,238 - INFO:Acceso al sitio del SAT, intento: ACR140408T34
2025-08-13 21:49:09,808 - INFO:Click en acceso por fiel
2025-08-13 21:49:11,867 - INFO:Seteo path del cert
2025-08-13 21:49:14,916 - INFO:Seteo path del key
2025-08-13 21:49:16,095 - INFO:Seteo password
2025-08-13 21:49:22,323 - INFO:Click Acceso
2025-08-13 21:51:26,790 - INFO:Acceso al sitio del SAT, intento: ACR140408T34
2025-08-13 21:51:33,989 - INFO:Click en acceso por fiel
2025-08-13 21:51:36,057 - INFO:Seteo path del cert
2025-08-13 21:51:39,103 - INFO:Seteo path del key
2025-08-13 21:51:40,271 - INFO:Seteo password
2025-08-13 21:51:44,684 - INFO:Click Acceso
2025-08-13 22:01:35,620 - INFO:Acceso al sitio del SAT, intento: ACR140408T34
2025-08-13 22:01:42,047 - INFO:Click en acceso por fiel
2025-08-13 22:01:44,105 - INFO:Seteo path del cert
2025-08-13 22:01:47,153 - INFO:Seteo path del key
2025-08-13 22:01:48,332 - INFO:Seteo password
2025-08-13 22:01:58,845 - INFO:Click Acceso
2025-08-13 22:04:29,731 - INFO:Acceso al sitio del SAT, intento: ACR140408T34
2025-08-13 22:04:35,425 - INFO:Click en acceso por fiel
2025-08-13 22:04:37,496 - INFO:Seteo path del cert
2025-08-13 22:04:40,540 - INFO:Seteo path del key
2025-08-13 22:04:41,726 - INFO:Seteo password
2025-08-13 22:06:42,757 - ERROR:No fue posible logearse, intentar mas tarde!
2025-08-13 22:07:22,666 - INFO:Acceso al sitio del SAT, intento: ACR140408T34
2025-08-13 22:07:28,302 - INFO:Click en acceso por fiel
2025-08-13 22:07:30,367 - INFO:Seteo path del cert
2025-08-13 22:07:33,415 - INFO:Seteo path del key
2025-08-13 22:07:34,598 - INFO:Seteo password
2025-08-13 22:07:39,112 - INFO:Click Acceso
2025-08-13 22:47:01,447 - INFO:Acceso al sitio del SAT, intento: ACR140408T34
2025-08-13 22:47:07,964 - INFO:Click en acceso por fiel
2025-08-13 22:47:10,023 - INFO:Seteo path del cert
2025-08-13 22:47:13,061 - INFO:Seteo path del key
2025-08-13 22:47:14,260 - INFO:Seteo password
2025-08-13 22:47:20,550 - INFO:Click Acceso
2025-08-13 22:49:55,295 - INFO:Acceso al sitio del SAT, intento: ACR140408T34
2025-08-13 22:50:00,977 - INFO:Click en acceso por fiel
2025-08-13 22:50:03,033 - INFO:Seteo path del cert
2025-08-13 22:50:06,083 - INFO:Seteo path del key
2025-08-13 22:50:07,263 - INFO:Seteo password
2025-08-13 22:50:53,379 - INFO:Click Acceso
2025-08-13 22:51:16,743 - INFO:Acceso al sitio del SAT, intento: ACR140408T34
2025-08-13 22:51:22,675 - INFO:Click en acceso por fiel
2025-08-13 22:51:24,737 - INFO:Seteo path del cert
2025-08-13 22:51:27,782 - INFO:Seteo path del key
2025-08-13 22:51:28,972 - INFO:Seteo password
2025-08-13 22:51:34,060 - INFO:Click Acceso
2025-08-13 22:57:29,272 - INFO:Acceso al sitio del SAT, intento: ACR140408T34
2025-08-13 22:57:34,883 - INFO:Click en acceso por fiel
2025-08-13 22:57:36,951 - INFO:Seteo path del cert
2025-08-13 22:57:40,000 - INFO:Seteo path del key
2025-08-13 22:57:41,204 - INFO:Seteo password
2025-08-13 22:59:42,229 - ERROR:No fue posible logearse, intentar mas tarde!
2025-08-13 23:00:09,225 - INFO:Acceso al sitio del SAT, intento: ACR140408T34
2025-08-13 23:00:14,839 - INFO:Click en acceso por fiel
2025-08-13 23:00:16,899 - INFO:Seteo path del cert
2025-08-13 23:00:19,945 - INFO:Seteo path del key
2025-08-13 23:00:21,125 - INFO:Seteo password
2025-08-13 23:00:26,240 - INFO:Click Acceso
2025-08-13 23:09:30,841 - INFO:Acceso al sitio del SAT, intento: ACR140408T34
2025-08-13 23:09:37,898 - INFO:Click en acceso por fiel
2025-08-13 23:09:39,958 - INFO:Seteo path del cert
2025-08-13 23:09:43,004 - INFO:Seteo path del key
2025-08-13 23:09:44,193 - INFO:Seteo password
2025-08-13 23:10:29,518 - INFO:Click Acceso
2025-08-13 23:10:58,364 - INFO:Acceso al sitio del SAT, intento: ACR140408T34
2025-08-13 23:11:04,779 - INFO:Click en acceso por fiel
2025-08-13 23:11:06,838 - INFO:Seteo path del cert
2025-08-13 23:11:09,884 - INFO:Seteo path del key
2025-08-13 23:11:11,066 - INFO:Seteo password
2025-08-13 23:12:50,982 - INFO:Click Acceso
2025-08-13 23:13:11,190 - INFO:Acceso al sitio del SAT, intento: ACR140408T34
2025-08-13 23:13:16,817 - INFO:Click en acceso por fiel
2025-08-13 23:13:18,885 - INFO:Seteo path del cert
2025-08-13 23:13:21,928 - INFO:Seteo path del key
2025-08-13 23:13:23,110 - INFO:Seteo password
2025-08-13 23:13:27,673 - INFO:Click Acceso
2025-08-13 23:15:56,922 - INFO:Acceso al sitio del SAT, intento: ACR140408T34
2025-08-13 23:16:02,557 - INFO:Click en acceso por fiel
2025-08-13 23:16:04,622 - INFO:Seteo path del cert
2025-08-13 23:16:07,671 - INFO:Seteo path del key
2025-08-13 23:16:08,854 - INFO:Seteo password
2025-08-13 23:16:13,570 - INFO:Click Acceso
2025-08-13 23:19:36,200 - INFO:Acceso al sitio del SAT, intento: ACR140408T34
2025-08-13 23:19:41,814 - INFO:Click en acceso por fiel
2025-08-13 23:19:43,875 - INFO:Seteo path del cert
2025-08-13 23:19:46,923 - INFO:Seteo path del key
2025-08-13 23:19:48,104 - INFO:Seteo password
2025-08-13 23:19:52,908 - INFO:Click Acceso
2025-08-14 20:07:20,342 - INFO:Acceso al sitio del SAT, intento: ACR140408T34
2025-08-14 20:07:26,709 - INFO:Click en acceso por fiel
2025-08-14 20:07:28,770 - INFO:Seteo path del cert
2025-08-14 20:07:31,812 - INFO:Seteo path del key
2025-08-14 20:07:33,002 - INFO:Seteo password
2025-08-14 20:07:38,944 - INFO:Click Acceso
2025-08-14 20:14:51,145 - INFO:Acceso al sitio del SAT, intento: ACR140408T34
2025-08-14 20:14:57,046 - INFO:Click en acceso por fiel
2025-08-14 20:14:59,108 - INFO:Seteo path del cert
2025-08-14 20:15:02,155 - INFO:Seteo path del key
2025-08-14 20:15:03,340 - INFO:Seteo password
2025-08-14 20:15:08,710 - INFO:Click Acceso
2025-08-14 20:16:38,798 - INFO:Acceso al sitio del SAT, intento: ACR140408T34
2025-08-14 20:16:44,419 - INFO:Click en acceso por fiel
2025-08-14 20:16:46,491 - INFO:Seteo path del cert
2025-08-14 20:16:49,531 - INFO:Seteo path del key
2025-08-14 20:16:50,706 - INFO:Seteo password
2025-08-14 20:16:56,587 - INFO:Click Acceso
2025-08-14 21:09:04,448 - INFO:Acceso al sitio del SAT, intento: ACR140408T34
2025-08-14 21:09:10,178 - INFO:Click en acceso por fiel
2025-08-14 21:09:12,238 - INFO:Seteo path del cert
2025-08-14 21:09:15,289 - INFO:Seteo path del key
2025-08-14 21:09:16,474 - INFO:Seteo password
2025-08-14 21:09:21,819 - INFO:Click Acceso
2025-08-14 21:14:06,437 - INFO:Acceso al sitio del SAT, intento: ACR140408T34
2025-08-14 21:14:13,267 - INFO:Click en acceso por fiel
2025-08-14 21:14:15,326 - INFO:Seteo path del cert
2025-08-14 21:14:18,372 - INFO:Seteo path del key
2025-08-14 21:14:19,555 - INFO:Seteo password
2025-08-14 21:16:20,579 - ERROR:No fue posible logearse, intentar mas tarde!
2025-08-14 21:17:31,847 - INFO:Acceso al sitio del SAT, intento: ACR140408T34
2025-08-14 21:17:38,264 - INFO:Click en acceso por fiel
2025-08-14 21:17:40,322 - INFO:Seteo path del cert
2025-08-14 21:17:43,373 - INFO:Seteo path del key
2025-08-14 21:17:44,562 - INFO:Seteo password
2025-08-14 21:17:49,955 - INFO:Click Acceso
2025-08-14 21:19:30,481 - INFO:Acceso al sitio del SAT, intento: ACR140408T34
2025-08-14 21:19:36,147 - INFO:Click en acceso por fiel
2025-08-14 21:19:38,214 - INFO:Seteo path del cert
2025-08-14 21:19:41,262 - INFO:Seteo path del key
2025-08-14 21:19:42,443 - INFO:Seteo password
2025-08-14 21:19:47,869 - INFO:Click Acceso
2025-08-14 21:33:41,472 - INFO:Acceso al sitio del SAT, intento: ACR140408T34
2025-08-14 21:33:47,168 - INFO:Click en acceso por fiel
2025-08-14 21:33:49,223 - INFO:Seteo path del cert
2025-08-14 21:33:52,266 - INFO:Seteo path del key
2025-08-14 21:33:53,448 - INFO:Seteo password
2025-08-14 21:34:01,877 - INFO:Click Acceso
2025-08-22 22:06:52,734 - INFO:Acceso al sitio del SAT, intento: ACR140408T34
2025-08-22 22:06:58,426 - INFO:Click en acceso por fiel
2025-08-22 22:07:00,486 - INFO:Seteo path del cert
2025-08-22 22:07:03,530 - INFO:Seteo path del key
2025-08-22 22:07:04,747 - INFO:Seteo password
2025-08-22 22:07:14,601 - INFO:Click Acceso
2025-08-22 22:52:18,097 - INFO:Acceso al sitio del SAT, intento: ACR140408T34
2025-08-22 22:52:28,075 - INFO:Click en acceso por fiel
2025-08-22 22:52:30,138 - INFO:Seteo path del cert
2025-08-22 22:52:33,179 - INFO:Seteo path del key
2025-08-22 22:52:34,373 - INFO:Seteo password
2025-08-22 22:52:43,779 - INFO:Click Acceso
2025-08-22 22:55:00,507 - INFO:Acceso al sitio del SAT, intento: ACR140408T34
2025-08-22 22:55:07,277 - INFO:Click en acceso por fiel
2025-08-22 22:55:09,335 - INFO:Seteo path del cert
2025-08-22 22:55:12,382 - INFO:Seteo path del key
2025-08-22 22:55:13,568 - INFO:Seteo password
2025-08-22 22:57:14,600 - ERROR:No fue posible logearse, intentar mas tarde!
2025-08-22 22:57:45,242 - INFO:Acceso al sitio del SAT, intento: ACR140408T34
2025-08-22 22:57:51,761 - INFO:Click en acceso por fiel
2025-08-22 22:57:53,833 - INFO:Seteo path del cert
2025-08-22 22:57:56,878 - INFO:Seteo path del key
2025-08-22 22:57:58,064 - INFO:Seteo password
2025-08-22 22:58:08,968 - INFO:Click Acceso
2025-08-22 23:09:27,841 - INFO:Acceso al sitio del SAT, intento: ACR140408T34
2025-08-22 23:09:49,966 - INFO:Click en acceso por fiel
2025-08-22 23:09:52,027 - INFO:Seteo path del cert
2025-08-22 23:09:55,071 - INFO:Seteo path del key
2025-08-22 23:09:56,259 - INFO:Seteo password
2025-08-22 23:11:57,291 - ERROR:No fue posible logearse, intentar mas tarde!
2025-08-22 23:16:07,109 - INFO:Acceso al sitio del SAT, intento: ACR140408T34
2025-08-22 23:16:12,694 - INFO:Click en acceso por fiel
2025-08-22 23:16:14,760 - INFO:Seteo path del cert
2025-08-22 23:16:17,804 - INFO:Seteo path del key
2025-08-22 23:16:18,978 - INFO:Seteo password
2025-08-22 23:16:27,097 - INFO:Click Acceso
2025-08-22 23:26:10,373 - INFO:Acceso al sitio del SAT, intento: ACR140408T34
2025-08-22 23:26:16,171 - INFO:Click en acceso por fiel
2025-08-22 23:26:18,232 - INFO:Seteo path del cert
2025-08-22 23:26:21,274 - INFO:Seteo path del key
2025-08-22 23:26:22,470 - INFO:Seteo password
2025-08-22 23:26:30,841 - INFO:Click Acceso
2025-08-22 23:30:15,556 - INFO:Acceso al sitio del SAT, intento: ACR140408T34
2025-08-22 23:30:21,241 - INFO:Click en acceso por fiel
2025-08-22 23:30:23,294 - INFO:Seteo path del cert
2025-08-22 23:30:26,337 - INFO:Seteo path del key
2025-08-22 23:30:27,519 - INFO:Seteo password
2025-08-22 23:30:36,346 - INFO:Click Acceso
2025-08-22 23:33:02,019 - INFO:Acceso al sitio del SAT, intento: ACR140408T34
2025-08-22 23:33:16,733 - INFO:Click en acceso por fiel
2025-08-22 23:33:18,792 - INFO:Seteo path del cert
2025-08-22 23:33:21,841 - INFO:Seteo path del key
2025-08-22 23:33:23,022 - INFO:Seteo password
2025-08-22 23:33:36,628 - INFO:Click Acceso
2025-08-22 23:35:55,152 - INFO:Acceso al sitio del SAT, intento: ACR140408T34
2025-08-22 23:36:10,906 - INFO:Click en acceso por fiel
2025-08-22 23:36:12,967 - INFO:Seteo path del cert
2025-08-22 23:36:16,015 - INFO:Seteo path del key
2025-08-22 23:36:17,196 - INFO:Seteo password
2025-08-22 23:37:18,116 - INFO:Click Acceso
2025-08-22 23:37:30,944 - INFO:Acceso al sitio del SAT, intento: ACR140408T34
2025-08-22 23:37:36,666 - INFO:Click en acceso por fiel
2025-08-22 23:37:38,736 - INFO:Seteo path del cert
2025-08-22 23:37:41,784 - INFO:Seteo path del key
2025-08-22 23:37:42,978 - INFO:Seteo password
2025-08-22 23:37:51,459 - INFO:Click Acceso
2025-08-22 23:40:38,133 - INFO:Acceso al sitio del SAT, intento: ACR140408T34
2025-08-22 23:40:43,793 - INFO:Click en acceso por fiel
2025-08-22 23:40:45,854 - INFO:Seteo path del cert
2025-08-22 23:40:48,904 - INFO:Seteo path del key
2025-08-22 23:40:50,084 - INFO:Seteo password
2025-08-22 23:42:51,117 - ERROR:No fue posible logearse, intentar mas tarde!
2025-08-23 12:01:02,698 - INFO:Acceso al sitio del SAT, intento: ACR140408T34
2025-08-23 12:01:09,665 - INFO:Click en acceso por fiel
2025-08-23 12:01:11,730 - INFO:Seteo path del cert
2025-08-23 12:01:14,776 - INFO:Seteo path del key
2025-08-23 12:01:15,969 - INFO:Seteo password
2025-08-23 12:03:17,005 - ERROR:No fue posible logearse, intentar mas tarde!
2025-08-23 12:07:08,542 - INFO:Acceso al sitio del SAT, intento: ACR140408T34
2025-08-23 12:07:14,273 - INFO:Click en acceso por fiel
2025-08-23 12:07:16,334 - INFO:Seteo path del cert
2025-08-23 12:07:19,388 - INFO:Seteo path del key
2025-08-23 12:07:20,573 - INFO:Seteo password
2025-08-23 12:09:21,605 - ERROR:No fue posible logearse, intentar mas tarde!
2025-08-23 13:09:22,576 - INFO:Acceso al sitio del SAT, intento: ACR140408T34
2025-08-23 13:10:02,901 - INFO:Click en acceso por fiel
2025-08-23 13:10:04,964 - INFO:Seteo path del cert
2025-08-23 13:10:08,011 - INFO:Seteo path del key
2025-08-23 13:10:09,196 - INFO:Seteo password
2025-08-23 13:12:10,293 - ERROR:No fue posible logearse, intentar mas tarde!
2025-08-23 13:16:43,567 - INFO:Acceso al sitio del SAT, intento: ACR140408T34
2025-08-23 13:16:52,588 - INFO:Click en acceso por fiel
2025-08-23 13:16:54,646 - INFO:Seteo path del cert
2025-08-23 13:16:57,690 - INFO:Seteo path del key
2025-08-23 13:16:58,871 - INFO:Seteo password
2025-08-23 13:18:59,889 - ERROR:No fue posible logearse, intentar mas tarde!
2025-08-23 13:23:06,818 - INFO:Acceso al sitio del SAT, intento: ACR140408T34
2025-08-23 13:23:11,822 - ERROR:No fue posible logearse, intentar mas tarde!
2025-08-23 13:23:40,894 - INFO:Acceso al sitio del SAT, intento: ACR140408T34
2025-08-23 13:23:46,592 - INFO:Click en acceso por fiel
2025-08-23 13:23:48,649 - INFO:Seteo path del cert
2025-08-23 13:23:51,700 - INFO:Seteo path del key
2025-08-23 13:23:52,872 - INFO:Seteo password
2025-08-23 13:24:01,729 - INFO:Click Acceso
2025-08-23 13:29:53,026 - INFO:Acceso al sitio del SAT, intento: ACR140408T34
2025-08-23 13:29:58,932 - INFO:Click en acceso por fiel
2025-08-23 13:30:00,993 - INFO:Seteo path del cert
2025-08-23 13:30:04,036 - INFO:Seteo path del key
2025-08-23 13:30:05,209 - INFO:Seteo password
2025-08-23 13:31:26,600 - INFO:Click Acceso
2025-08-23 13:34:33,140 - INFO:Acceso al sitio del SAT, intento: ACR140408T34
2025-08-23 13:34:39,002 - INFO:Click en acceso por fiel
2025-08-23 13:34:41,064 - INFO:Seteo path del cert
2025-08-23 13:34:44,111 - INFO:Seteo path del key
2025-08-23 13:34:45,282 - INFO:Seteo password
2025-08-23 13:36:46,313 - ERROR:No fue posible logearse, intentar mas tarde!
2025-08-23 13:40:21,728 - INFO:Acceso al sitio del SAT, intento: ACR140408T34
2025-08-23 13:42:26,795 - ERROR:No fue posible logearse, intentar mas tarde!
2025-08-23 13:46:52,742 - ERROR:No fue posible logearse, intentar mas tarde!
2025-08-23 13:50:16,200 - INFO:Acceso al sitio del SAT, intento: ACR140408T34
2025-08-23 13:50:23,566 - INFO:Click en acceso por fiel
2025-08-23 13:50:25,626 - INFO:Seteo path del cert
2025-08-23 13:50:28,672 - INFO:Seteo path del key
2025-08-23 13:50:29,847 - INFO:Seteo password
2025-08-23 13:50:57,907 - INFO:Click Acceso
2025-08-23 13:55:02,964 - INFO:Acceso al sitio del SAT, intento: ACR140408T34
2025-08-23 13:56:20,022 - INFO:Click en acceso por fiel
2025-08-23 13:56:22,094 - INFO:Seteo path del cert
2025-08-23 13:56:25,140 - INFO:Seteo path del key
2025-08-23 13:56:26,309 - INFO:Seteo password
2025-08-23 13:58:27,471 - ERROR:No fue posible logearse, intentar mas tarde!
2025-08-23 14:17:01,092 - INFO:Acceso al sitio del SAT, intento: ACR140408T34
2025-08-23 14:17:08,076 - INFO:Click en acceso por fiel
2025-08-23 14:17:10,135 - INFO:Seteo path del cert
2025-08-23 14:17:13,177 - INFO:Seteo path del key
2025-08-23 14:17:14,341 - INFO:Seteo password
2025-08-23 14:17:23,483 - INFO:Click Acceso
2025-08-23 14:19:32,906 - INFO:Acceso al sitio del SAT, intento: ACR140408T34
2025-08-23 14:19:40,636 - INFO:Click en acceso por fiel
2025-08-23 14:19:42,695 - INFO:Seteo path del cert
2025-08-23 14:19:45,743 - INFO:Seteo path del key
2025-08-23 14:19:46,917 - INFO:Seteo password
2025-08-23 14:20:24,699 - INFO:Click Acceso
2025-08-23 14:35:23,490 - INFO:Acceso al sitio del SAT, intento: ACR140408T34
2025-08-23 14:37:28,554 - ERROR:No fue posible logearse, intentar mas tarde!
2025-08-23 14:38:24,866 - INFO:Acceso al sitio del SAT, intento: ACR140408T34
2025-08-23 14:40:07,819 - INFO:Click en acceso por fiel
2025-08-23 14:40:09,880 - INFO:Seteo path del cert
2025-08-23 14:40:12,924 - INFO:Seteo path del key
2025-08-23 14:40:14,101 - INFO:Seteo password
2025-08-23 14:42:15,133 - ERROR:No fue posible logearse, intentar mas tarde!
2025-08-23 14:48:03,554 - INFO:Acceso al sitio del SAT, intento: ACR140408T34
2025-08-23 14:48:18,565 - INFO:Click en acceso por fiel
2025-08-23 14:48:20,624 - INFO:Seteo path del cert
2025-08-23 14:48:23,671 - INFO:Seteo path del key
2025-08-23 14:48:24,845 - INFO:Seteo password
2025-08-23 14:50:18,051 - INFO:Click Acceso
2025-08-23 14:51:35,727 - INFO:Acceso al sitio del SAT, intento: ACR140408T34
2025-08-23 14:52:46,034 - INFO:Click en acceso por fiel
2025-08-23 14:52:48,091 - INFO:Seteo path del cert
2025-08-23 14:52:51,141 - INFO:Seteo path del key
2025-08-23 14:52:52,314 - INFO:Seteo password
2025-08-23 14:54:53,343 - ERROR:No fue posible logearse, intentar mas tarde!
2025-08-23 15:44:41,377 - WARNING:Error sending stats to Plausible: error sending request for url (https://plausible.io/api/event)
2025-08-23 15:46:42,564 - ERROR:No fue posible logearse, intentar mas tarde!
2025-08-23 15:49:40,183 - INFO:Acceso al sitio del SAT, intento: ACR140408T34
2025-08-23 15:50:05,022 - INFO:Click en acceso por fiel
2025-08-23 15:50:07,081 - INFO:Seteo path del cert
2025-08-23 15:50:10,122 - INFO:Seteo path del key
2025-08-23 15:50:11,298 - INFO:Seteo password
2025-08-23 15:52:12,328 - ERROR:No fue posible logearse, intentar mas tarde!
2025-08-23 15:54:06,163 - INFO:Acceso al sitio del SAT, intento: ACR140408T34
2025-08-23 15:54:12,100 - INFO:Click en acceso por fiel
2025-08-23 15:54:14,160 - INFO:Seteo path del cert
2025-08-23 15:54:17,207 - INFO:Seteo path del key
2025-08-23 15:54:18,382 - INFO:Seteo password
2025-08-23 15:55:49,957 - INFO:Click Acceso
2025-08-23 15:59:42,543 - INFO:Acceso al sitio del SAT, intento: ACR140408T34
2025-08-23 15:59:47,759 - INFO:Click en acceso por fiel
2025-08-23 15:59:49,772 - ERROR:No fue posible logearse, intentar mas tarde!
2025-08-23 16:03:20,320 - INFO:Acceso al sitio del SAT, intento: ACR140408T34
2025-08-23 16:03:25,326 - ERROR:No fue posible logearse, intentar mas tarde!
2025-08-23 16:03:47,184 - INFO:Acceso al sitio del SAT, intento: ACR140408T34
2025-08-23 16:03:59,029 - INFO:Click en acceso por fiel
2025-08-23 16:04:01,079 - INFO:Seteo path del cert
2025-08-23 16:04:04,128 - INFO:Seteo path del key
2025-08-23 16:04:05,300 - INFO:Seteo password
2025-08-23 16:04:14,087 - INFO:Click Acceso
2025-08-23 16:07:38,656 - INFO:Acceso al sitio del SAT, intento: ACR140408T34
2025-08-23 16:08:40,653 - INFO:Click en acceso por fiel
2025-08-23 16:08:42,730 - INFO:Seteo path del cert
2025-08-23 16:08:45,774 - INFO:Seteo path del key
2025-08-23 16:08:46,941 - INFO:Seteo password
2025-08-23 16:10:47,969 - ERROR:No fue posible logearse, intentar mas tarde!
2025-08-23 16:16:19,988 - INFO:Acceso al sitio del SAT, intento: ACR140408T34
2025-08-23 16:16:26,216 - INFO:Click en acceso por fiel
2025-08-23 16:16:28,284 - INFO:Seteo path del cert
2025-08-23 16:16:31,331 - INFO:Seteo path del key
2025-08-23 16:16:32,509 - INFO:Seteo password
2025-08-23 16:18:33,541 - ERROR:No fue posible logearse, intentar mas tarde!
2025-08-23 16:20:24,326 - INFO:Acceso al sitio del SAT, intento: ACR140408T34
2025-08-23 16:20:29,988 - INFO:Click en acceso por fiel
2025-08-23 16:20:32,037 - INFO:Seteo path del cert
2025-08-23 16:20:35,085 - INFO:Seteo path del key
2025-08-23 16:20:36,256 - INFO:Seteo password
2025-08-23 16:20:45,830 - INFO:Click Acceso
2025-08-23 16:24:04,929 - INFO:Acceso al sitio del SAT, intento: ACR140408T34
2025-08-23 16:24:10,639 - INFO:Click en acceso por fiel
2025-08-23 16:24:12,698 - INFO:Seteo path del cert
2025-08-23 16:24:15,746 - INFO:Seteo path del key
2025-08-23 16:24:16,915 - INFO:Seteo password
2025-08-23 16:24:25,593 - INFO:Click Acceso
2025-08-23 16:36:01,059 - INFO:Acceso al sitio del SAT, intento: ACR140408T34
2025-08-23 16:36:07,115 - INFO:Click en acceso por fiel
2025-08-23 16:36:09,190 - INFO:Seteo path del cert
2025-08-23 16:36:12,238 - INFO:Seteo path del key
2025-08-23 16:36:13,424 - INFO:Seteo password
2025-08-23 16:36:21,814 - INFO:Click Acceso
2025-08-23 16:39:45,277 - INFO:Acceso al sitio del SAT, intento: ACR140408T34
2025-08-23 16:39:51,133 - INFO:Click en acceso por fiel
2025-08-23 16:39:53,195 - INFO:Seteo path del cert
2025-08-23 16:39:56,241 - INFO:Seteo path del key
2025-08-23 16:39:57,416 - INFO:Seteo password
2025-08-23 16:40:06,324 - INFO:Click Acceso
2025-08-23 16:41:52,610 - INFO:Acceso al sitio del SAT, intento: ACR140408T34
2025-08-23 16:41:58,371 - INFO:Click en acceso por fiel
2025-08-23 16:42:00,434 - INFO:Seteo path del cert
2025-08-23 16:42:03,480 - INFO:Seteo path del key
2025-08-23 16:42:04,646 - INFO:Seteo password
2025-08-23 16:42:12,930 - INFO:Click Acceso
2025-08-23 17:45:00,373 - INFO:Acceso al sitio del SAT, intento: ACR140408T34
2025-08-23 17:45:06,017 - INFO:Click en acceso por fiel
2025-08-23 17:45:08,080 - INFO:Seteo path del cert
2025-08-23 17:45:11,128 - INFO:Seteo path del key
2025-08-23 17:45:12,296 - INFO:Seteo password
2025-08-23 17:45:22,051 - INFO:Click Acceso
2025-08-23 17:47:45,420 - INFO:Acceso al sitio del SAT, intento: ACR140408T34
2025-08-23 17:47:51,178 - INFO:Click en acceso por fiel
2025-08-23 17:47:53,239 - INFO:Seteo path del cert
2025-08-23 17:47:56,280 - INFO:Seteo path del key
2025-08-23 17:47:57,449 - INFO:Seteo password
2025-08-23 17:48:06,051 - INFO:Click Acceso
2025-08-23 17:53:49,286 - INFO:Acceso al sitio del SAT, intento: ACR140408T34
2025-08-23 17:53:54,852 - INFO:Click en acceso por fiel
2025-08-23 17:53:56,914 - INFO:Seteo path del cert
2025-08-23 17:53:59,959 - INFO:Seteo path del key
2025-08-23 17:54:01,139 - INFO:Seteo password
2025-08-23 17:54:09,907 - INFO:Click Acceso
2025-08-23 17:56:46,237 - INFO:Acceso al sitio del SAT, intento: ACR140408T34
2025-08-23 17:56:51,894 - INFO:Click en acceso por fiel
2025-08-23 17:56:53,945 - INFO:Seteo path del cert
2025-08-23 17:56:56,992 - INFO:Seteo path del key
2025-08-23 17:56:58,162 - INFO:Seteo password
2025-08-23 17:57:06,483 - INFO:Click Acceso
2025-08-23 17:59:29,765 - INFO:Acceso al sitio del SAT, intento: ACR140408T34
2025-08-23 17:59:35,470 - INFO:Click en acceso por fiel
2025-08-23 17:59:37,522 - INFO:Seteo path del cert
2025-08-23 17:59:40,568 - INFO:Seteo path del key
2025-08-23 17:59:41,735 - INFO:Seteo password
2025-08-23 17:59:50,133 - INFO:Click Acceso
2025-08-23 18:25:44,716 - INFO:Acceso al sitio del SAT, intento: ACR140408T34
2025-08-23 18:25:50,503 - INFO:Click en acceso por fiel
2025-08-23 18:25:52,557 - INFO:Seteo path del cert
2025-08-23 18:25:55,605 - INFO:Seteo path del key
2025-08-23 18:25:56,782 - INFO:Seteo password
2025-08-23 18:26:06,550 - INFO:Click Acceso
2025-08-23 18:35:44,152 - INFO:Acceso al sitio del SAT, intento: ACR140408T34
2025-08-23 18:35:50,634 - INFO:Click en acceso por fiel
2025-08-23 18:35:52,706 - INFO:Seteo path del cert
2025-08-23 18:35:55,754 - INFO:Seteo path del key
2025-08-23 18:35:56,929 - INFO:Seteo password
2025-08-23 18:36:06,264 - INFO:Click Acceso
2025-08-23 18:39:11,661 - INFO:Acceso al sitio del SAT, intento: ACR140408T34
2025-08-23 18:39:18,269 - INFO:Click en acceso por fiel
2025-08-23 18:39:20,338 - INFO:Seteo path del cert
2025-08-23 18:39:23,383 - INFO:Seteo path del key
2025-08-23 18:39:24,555 - INFO:Seteo password
2025-08-23 18:39:33,475 - INFO:Click Acceso
2025-08-23 18:40:53,907 - INFO:Acceso al sitio del SAT, intento: ACR140408T34
2025-08-23 18:40:59,690 - INFO:Click en acceso por fiel
2025-08-23 18:41:01,751 - INFO:Seteo path del cert
2025-08-23 18:41:04,798 - INFO:Seteo path del key
2025-08-23 18:41:05,972 - INFO:Seteo password
2025-08-23 18:41:17,279 - INFO:Click Acceso
2025-08-23 18:52:33,487 - INFO:Acceso al sitio del SAT, intento: ACR140408T34
2025-08-23 18:52:39,704 - INFO:Click en acceso por fiel
2025-08-23 18:52:41,764 - INFO:Seteo path del cert
2025-08-23 18:52:44,814 - INFO:Seteo path del key
2025-08-23 18:52:45,986 - INFO:Seteo password
2025-08-23 18:54:47,020 - ERROR:No fue posible logearse, intentar mas tarde!
2025-08-23 18:55:56,069 - INFO:Acceso al sitio del SAT, intento: ACR140408T34
2025-08-23 18:56:01,882 - INFO:Click en acceso por fiel
2025-08-23 18:56:03,948 - INFO:Seteo path del cert
2025-08-23 18:56:06,996 - INFO:Seteo path del key
2025-08-23 18:56:08,171 - INFO:Seteo password
2025-08-23 18:56:17,114 - INFO:Click Acceso
2025-08-23 19:02:03,476 - INFO:Acceso al sitio del SAT, intento: ACR140408T34
2025-08-23 19:02:09,123 - INFO:Click en acceso por fiel
2025-08-23 19:02:11,197 - INFO:Seteo path del cert
2025-08-23 19:02:14,243 - INFO:Seteo path del key
2025-08-23 19:02:15,414 - INFO:Seteo password
2025-08-23 19:02:24,583 - INFO:Click Acceso
2025-08-23 19:04:21,543 - INFO:Acceso al sitio del SAT, intento: ACR140408T34
2025-08-23 19:04:27,315 - INFO:Click en acceso por fiel
2025-08-23 19:04:29,388 - INFO:Seteo path del cert
2025-08-23 19:04:32,437 - INFO:Seteo path del key
2025-08-23 19:04:33,607 - INFO:Seteo password
2025-08-23 19:04:42,090 - INFO:Click Acceso
2025-08-23 19:07:46,945 - INFO:Acceso al sitio del SAT, intento: ACR140408T34
2025-08-23 19:07:52,684 - INFO:Click en acceso por fiel
2025-08-23 19:07:54,754 - INFO:Seteo path del cert
2025-08-23 19:07:57,803 - INFO:Seteo path del key
2025-08-23 19:07:58,973 - INFO:Seteo password
2025-08-23 19:09:23,581 - INFO:Click Acceso
2025-08-23 19:10:42,855 - INFO:Acceso al sitio del SAT, intento: ACR140408T34
2025-08-23 19:10:49,996 - INFO:Click en acceso por fiel
2025-08-23 19:10:52,066 - INFO:Seteo path del cert
2025-08-23 19:10:55,105 - INFO:Seteo path del key
2025-08-23 19:10:56,259 - INFO:Seteo password
2025-08-23 19:11:05,686 - INFO:Click Acceso
2025-08-23 19:17:49,462 - INFO:Acceso al sitio del SAT, intento: ACR140408T34
2025-08-23 19:17:55,024 - INFO:Click en acceso por fiel
2025-08-23 19:17:57,096 - INFO:Seteo path del cert
2025-08-23 19:18:00,145 - INFO:Seteo path del key
2025-08-23 19:18:01,300 - INFO:Seteo password
2025-08-23 19:18:10,416 - INFO:Click Acceso
2025-08-23 19:21:20,314 - INFO:Acceso al sitio del SAT, intento: ACR140408T34
2025-08-23 19:21:25,974 - INFO:Click en acceso por fiel
2025-08-23 19:21:28,031 - INFO:Seteo path del cert
2025-08-23 19:21:31,079 - INFO:Seteo path del key
2025-08-23 19:21:32,254 - INFO:Seteo password
2025-08-23 19:21:40,704 - INFO:Click Acceso
2025-08-23 19:46:50,830 - INFO:Acceso al sitio del SAT, intento: ACR140408T34
2025-08-23 19:46:56,688 - INFO:Click en acceso por fiel
2025-08-23 19:46:58,763 - INFO:Seteo path del cert
2025-08-23 19:47:01,807 - INFO:Seteo path del key
2025-08-23 19:47:02,978 - INFO:Seteo password
2025-08-23 19:47:13,607 - INFO:Click Acceso
2025-08-23 20:06:31,643 - INFO:Acceso al sitio del SAT, intento: ACR140408T34
2025-08-23 20:06:37,292 - INFO:Click en acceso por fiel
2025-08-23 20:06:39,346 - INFO:Seteo path del cert
2025-08-23 20:06:42,393 - INFO:Seteo path del key
2025-08-23 20:06:43,566 - INFO:Seteo password
2025-08-23 20:06:53,183 - INFO:Click Acceso
2025-08-23 20:09:34,055 - INFO:Acceso al sitio del SAT, intento: ACR140408T34
2025-08-23 20:09:39,669 - INFO:Click en acceso por fiel
2025-08-23 20:09:41,731 - INFO:Seteo path del cert
2025-08-23 20:09:44,775 - INFO:Seteo path del key
2025-08-23 20:09:45,947 - INFO:Seteo password
2025-08-23 20:09:59,527 - INFO:Click Acceso
2025-08-23 20:17:38,201 - INFO:Acceso al sitio del SAT, intento: ACR140408T34
2025-08-23 20:17:43,898 - INFO:Click en acceso por fiel
2025-08-23 20:17:45,955 - INFO:Seteo path del cert
2025-08-23 20:17:48,999 - INFO:Seteo path del key
2025-08-23 20:17:50,172 - INFO:Seteo password
2025-08-23 20:18:05,511 - INFO:Click Acceso
2025-08-23 20:20:35,522 - INFO:Acceso al sitio del SAT, intento: ACR140408T34
2025-08-23 20:20:41,228 - INFO:Click en acceso por fiel
2025-08-23 20:20:43,291 - INFO:Seteo path del cert
2025-08-23 20:20:46,335 - INFO:Seteo path del key
2025-08-23 20:20:47,505 - INFO:Seteo password
2025-08-23 20:21:00,122 - INFO:Click Acceso
2025-08-23 20:23:23,524 - INFO:Acceso al sitio del SAT, intento: ACR140408T34
2025-08-23 20:23:57,317 - INFO:Acceso al sitio del SAT, intento: ACR140408T34
2025-08-23 20:24:03,884 - INFO:Click en acceso por fiel
2025-08-23 20:24:05,955 - INFO:Seteo path del cert
2025-08-23 20:24:09,003 - INFO:Seteo path del key
2025-08-23 20:24:10,175 - INFO:Seteo password
2025-08-23 20:26:11,205 - ERROR:No fue posible logearse, intentar mas tarde!
2025-08-23 20:27:07,859 - INFO:Acceso al sitio del SAT, intento: ACR140408T34
2025-08-23 20:27:14,293 - INFO:Click en acceso por fiel
2025-08-23 20:27:16,353 - INFO:Seteo path del cert
2025-08-23 20:27:19,396 - INFO:Seteo path del key
2025-08-23 20:27:20,573 - INFO:Seteo password
2025-08-23 20:27:31,261 - INFO:Click Acceso
2025-08-23 20:32:49,374 - INFO:Acceso al sitio del SAT, intento: ACR140408T34
2025-08-23 20:32:55,687 - INFO:Click en acceso por fiel
2025-08-23 20:32:57,748 - INFO:Seteo path del cert
2025-08-23 20:33:00,795 - INFO:Seteo path del key
2025-08-23 20:33:01,967 - INFO:Seteo password
2025-08-23 20:33:11,509 - INFO:Click Acceso
2025-08-23 22:12:24,203 - INFO:Acceso al sitio del SAT, intento: ACR140408T34
2025-08-23 22:12:30,021 - INFO:Click en acceso por fiel
2025-08-23 22:12:32,078 - INFO:Seteo path del cert
2025-08-23 22:12:35,127 - INFO:Seteo path del key
2025-08-23 22:12:36,292 - INFO:Seteo password
2025-08-23 22:12:44,707 - INFO:Click Acceso
2025-08-27 21:52:07,375 - WARNING:Error sending stats to Plausible: error sending request for url (https://plausible.io/api/event)
2025-08-27 21:52:42,257 - INFO:Acceso a buzon INFONAVIT, intento: ACR140408T34
2025-08-27 21:53:03,655 - INFO:Acceso a buzon INFONAVIT, intento: ACR140408T34
2025-08-27 21:53:23,686 - ERROR:No fue posible logearse, intentar mas tarde!
2025-08-27 21:55:01,391 - INFO:Acceso a buzon INFONAVIT, intento: ACR140408T34
2025-08-27 21:55:06,482 - INFO:Seteo path del cert
2025-08-27 21:55:26,653 - ERROR:No fue posible logearse, intentar mas tarde!
2025-08-27 21:55:52,721 - INFO:Acceso a buzon INFONAVIT, intento: ACR140408T34
2025-08-27 21:55:57,807 - INFO:Seteo path del cert
2025-08-27 21:56:02,814 - ERROR:No fue posible logearse, intentar mas tarde!
2025-08-27 21:56:36,869 - INFO:Acceso a buzon INFONAVIT, intento: ACR140408T34
2025-08-27 21:56:41,959 - INFO:Seteo path del cert
2025-08-27 21:56:46,967 - ERROR:No fue posible logearse, intentar mas tarde!
2025-08-27 21:59:05,097 - INFO:Acceso a buzon INFONAVIT, intento: ACR140408T34
2025-08-27 21:59:10,167 - INFO:Seteo path del cert
2025-08-27 21:59:15,177 - ERROR:No fue posible logearse, intentar mas tarde!
2025-08-27 22:00:29,288 - INFO:Acceso a buzon INFONAVIT, intento: ACR140408T34
2025-08-27 22:00:34,396 - INFO:Seteo path del cert
2025-08-27 22:00:39,406 - ERROR:No fue posible logearse, intentar mas tarde!
2025-08-27 22:03:07,082 - INFO:Acceso a buzon INFONAVIT, intento: ACR140408T34
2025-08-27 22:03:12,168 - INFO:Seteo path del cert
2025-08-27 22:03:17,181 - ERROR:No fue posible logearse, intentar mas tarde!
2025-08-27 22:04:07,582 - INFO:Acceso a buzon INFONAVIT, intento: ACR140408T34
2025-08-27 22:04:12,669 - INFO:Seteo path del cert
2025-08-27 22:04:22,683 - ERROR:No fue posible logearse, intentar mas tarde!
2025-08-27 22:06:12,359 - INFO:Acceso a buzon INFONAVIT, intento: ACR140408T34
2025-08-27 22:06:17,450 - INFO:Seteo path del cert
2025-08-27 22:06:27,461 - ERROR:No fue posible logearse, intentar mas tarde!
2025-08-27 22:08:54,636 - INFO:Acceso a buzon INFONAVIT, intento: ACR140408T34
2025-08-27 22:08:59,656 - ERROR:No fue posible logearse, intentar mas tarde!
2025-08-27 22:10:06,084 - INFO:Acceso a buzon INFONAVIT, intento: ACR140408T34
2025-08-27 22:10:11,175 - INFO:Seteo path del cert
2025-08-27 22:10:50,568 - INFO:Acceso a buzon INFONAVIT, intento: ACR140408T34
2025-08-27 22:10:55,660 - INFO:Seteo path del cert
2025-08-27 22:11:00,674 - ERROR:No fue posible logearse, intentar mas tarde!
2025-08-27 22:12:00,592 - INFO:Acceso a buzon INFONAVIT, intento: ACR140408T34
2025-08-27 22:12:05,677 - INFO:Seteo path del cert
2025-08-27 22:12:10,690 - ERROR:No fue posible logearse, intentar mas tarde!
2025-08-27 22:13:38,133 - INFO:Acceso a buzon INFONAVIT, intento: ACR140408T34
2025-08-27 22:13:43,238 - INFO:Seteo path del cert
2025-08-27 22:13:48,295 - INFO:Seteo path del key
2025-08-27 22:13:49,592 - INFO:Seteo password
2025-08-27 22:14:05,998 - ERROR:No fue posible logearse, intentar mas tarde!
2025-08-27 22:14:26,623 - INFO:Acceso a buzon INFONAVIT, intento: ACR140408T34
2025-08-27 22:14:31,739 - INFO:Seteo path del cert
2025-08-27 22:14:36,792 - INFO:Seteo path del key
2025-08-27 22:14:38,089 - INFO:Seteo password
2025-08-27 22:14:40,024 - INFO:Click Acceso
2025-08-27 22:15:17,596 - INFO:Acceso a buzon INFONAVIT, intento: ACR140408T34
2025-08-27 22:15:22,685 - INFO:Seteo path del cert
2025-08-27 22:15:27,737 - INFO:Seteo path del key
2025-08-27 22:15:29,028 - INFO:Seteo password
2025-08-27 22:15:31,318 - INFO:Click Acceso
2025-08-27 22:16:18,684 - INFO:Acceso a buzon INFONAVIT, intento: ACR140408T34
2025-08-27 22:16:23,775 - INFO:Seteo path del cert
2025-08-27 22:16:28,834 - INFO:Seteo path del key
2025-08-27 22:16:30,122 - INFO:Seteo password
2025-08-27 22:16:32,358 - INFO:Click Acceso
2025-08-27 22:17:03,049 - INFO:Acceso a buzon INFONAVIT, intento: ACR140408T34
2025-08-27 22:17:08,137 - INFO:Seteo path del cert
2025-08-27 22:17:13,206 - INFO:Seteo path del key
2025-08-27 22:17:14,492 - INFO:Seteo password
2025-08-27 22:17:16,395 - INFO:Click Acceso
2025-08-27 22:17:49,678 - INFO:Acceso a buzon INFONAVIT, intento: ACR140408T34
2025-08-27 22:17:54,768 - INFO:Seteo path del cert
2025-08-27 22:17:59,821 - INFO:Seteo path del key
2025-08-27 22:18:01,029 - INFO:Seteo password
2025-08-27 22:18:03,098 - INFO:Click Acceso
2025-08-27 22:20:08,741 - INFO:Acceso a buzon INFONAVIT, intento: ACR140408T34
2025-08-27 22:20:13,831 - INFO:Seteo path del cert
2025-08-27 22:20:18,890 - INFO:Seteo path del key
2025-08-27 22:20:20,174 - INFO:Seteo password
2025-08-27 22:20:22,401 - INFO:Click Acceso
2025-08-27 22:23:48,687 - INFO:Acceso a buzon INFONAVIT, intento: ACR140408T34
2025-08-27 22:23:53,779 - INFO:Seteo path del cert
2025-08-27 22:23:58,830 - INFO:Seteo path del key
2025-08-27 22:24:00,012 - INFO:Seteo password
2025-08-27 22:24:01,876 - INFO:Click Acceso
2025-08-27 22:31:53,636 - INFO:Acceso a buzon INFONAVIT, intento: ACR140408T34
2025-08-27 22:31:58,727 - INFO:Seteo path del cert
2025-08-27 22:32:03,779 - INFO:Seteo path del key
2025-08-27 22:32:05,066 - INFO:Seteo password
2025-08-27 22:32:07,197 - INFO:Click Acceso
2025-08-28 20:54:15,619 - INFO:Acceso al sitio del SAT, intento: ACR140408T34
2025-08-28 20:54:21,199 - INFO:Click en acceso por fiel
2025-08-28 20:54:23,259 - INFO:Seteo path del cert
2025-08-28 20:54:26,312 - INFO:Seteo path del key
2025-08-28 20:54:27,510 - INFO:Seteo password
2025-08-28 20:54:33,681 - INFO:Click Acceso
2025-08-28 20:54:51,992 - ERROR:No fue posible logearse, intentar mas tarde!
2025-08-28 20:55:15,415 - INFO:Acceso al sitio del SAT, intento: ACR140408T34
2025-08-28 20:55:20,986 - INFO:Click en acceso por fiel
2025-08-28 20:55:23,039 - INFO:Seteo path del cert
2025-08-28 20:55:26,087 - INFO:Seteo path del key
2025-08-28 20:55:27,282 - INFO:Seteo password
2025-08-28 20:55:43,430 - INFO:Click Acceso
2025-08-28 20:56:01,694 - ERROR:No fue posible logearse, intentar mas tarde!
2025-08-28 20:57:45,768 - INFO:Acceso al sitio del SAT, intento: ACR140408T34
2025-08-28 20:57:56,276 - INFO:Click en acceso por fiel
2025-08-28 20:57:58,331 - INFO:Seteo path del cert
2025-08-28 20:58:01,375 - INFO:Seteo path del key
2025-08-28 20:58:02,569 - INFO:Seteo password
2025-08-28 20:58:19,231 - INFO:Click Acceso
2025-08-28 20:58:37,493 - ERROR:No fue posible logearse, intentar mas tarde!
2025-08-28 21:00:48,596 - ERROR:No fue posible logearse, intentar mas tarde!
2025-08-28 21:04:00,520 - ERROR:No fue posible logearse, intentar mas tarde!
2025-08-28 21:08:39,511 - INFO:Acceso al sitio del SAT, intento: ACR140408T34
2025-08-28 21:08:45,041 - INFO:Click en acceso por fiel
2025-08-28 21:08:47,116 - INFO:Seteo path del cert
2025-08-28 21:08:50,171 - INFO:Seteo path del key
2025-08-28 21:08:51,353 - INFO:Seteo password
2025-08-28 21:09:01,987 - INFO:Click Acceso
2025-08-28 21:09:20,293 - ERROR:No fue posible logearse, intentar mas tarde!
2025-08-28 21:10:57,020 - INFO:Acceso al sitio del SAT, intento: ACR140408T34
2025-08-28 21:11:02,548 - INFO:Click en acceso por fiel
2025-08-28 21:11:04,615 - INFO:Seteo path del cert
2025-08-28 21:11:07,664 - INFO:Seteo path del key
2025-08-28 21:11:08,855 - INFO:Seteo password
2025-08-28 21:11:14,819 - INFO:Click Acceso
2025-08-28 21:11:33,138 - ERROR:No fue posible logearse, intentar mas tarde!
2025-08-28 21:12:21,339 - INFO:Acceso al sitio del SAT, intento: ACR140408T34
2025-08-28 21:12:26,759 - INFO:Click en acceso por fiel
2025-08-28 21:12:28,833 - INFO:Seteo path del cert
2025-08-28 21:12:31,878 - INFO:Seteo path del key
2025-08-28 21:12:33,059 - INFO:Seteo password
2025-08-28 21:14:34,124 - ERROR:No fue posible logearse, intentar mas tarde!
2025-08-28 21:16:34,132 - WARNING:Retrying (Retry(total=2, connect=None, read=None, redirect=None, status=None)) after connection broken by 'ReadTimeoutError("HTTPConnectionPool(host='localhost', port=49662): Read timed out. (read timeout=120)")': /session/1ba6c44f4701dcf752ccce1dfc6ff443/window
2025-08-28 21:18:02,164 - INFO:Acceso al sitio del SAT, intento: ACR140408T34
2025-08-28 21:18:07,593 - INFO:Click en acceso por fiel
2025-08-28 21:18:09,650 - INFO:Seteo path del cert
2025-08-28 21:18:12,702 - INFO:Seteo path del key
2025-08-28 21:18:13,895 - INFO:Seteo password
2025-08-28 21:18:19,778 - INFO:Click Acceso
2025-08-28 21:18:38,102 - ERROR:No fue posible logearse, intentar mas tarde!
2025-08-28 21:22:38,067 - INFO:Acceso al sitio del SAT, intento: ACR140408T34
2025-08-28 21:23:01,325 - INFO:Click en acceso por fiel
2025-08-28 21:23:03,384 - INFO:Seteo path del cert
2025-08-28 21:23:06,437 - INFO:Seteo path del key
2025-08-28 21:23:07,623 - INFO:Seteo password
2025-08-28 21:23:13,396 - INFO:Click Acceso
2025-08-28 21:23:31,659 - ERROR:No fue posible logearse, intentar mas tarde!
2025-08-28 21:25:30,613 - INFO:Acceso al sitio del SAT, intento: ACR140408T34
2025-08-28 21:25:52,111 - INFO:Click en acceso por fiel
2025-08-28 21:25:54,179 - INFO:Seteo path del cert
2025-08-28 21:25:57,226 - INFO:Seteo path del key
2025-08-28 21:25:58,411 - INFO:Seteo password
2025-08-28 21:27:54,342 - INFO:Click Acceso
2025-08-28 21:28:24,458 - INFO:Acceso al sitio del SAT, intento: ACR140408T34
2025-08-28 21:28:29,998 - INFO:Click en acceso por fiel
2025-08-28 21:28:32,065 - INFO:Seteo path del cert
2025-08-28 21:28:35,121 - INFO:Seteo path del key
2025-08-28 21:28:36,308 - INFO:Seteo password
2025-08-28 21:30:28,665 - INFO:Click Acceso
2025-08-28 21:35:15,878 - INFO:Acceso al sitio del SAT, intento: ACR140408T34
2025-08-28 21:35:21,485 - INFO:Click en acceso por fiel
2025-08-28 21:35:23,559 - INFO:Seteo path del cert
2025-08-28 21:35:26,603 - INFO:Seteo path del key
2025-08-28 21:35:27,793 - INFO:Seteo password
2025-08-28 21:35:37,509 - INFO:Click Acceso
2025-09-10 23:40:00,024 - WARNING:Error sending stats to Plausible: error sending request for url (https://plausible.io/api/event)
2025-09-10 23:40:06,121 - INFO:Acceso a buzon INFONAVIT, intento: ACR140408T34
2025-09-10 23:40:57,374 - ERROR:No fue posible logearse, intentar mas tarde!
2025-09-10 23:41:47,098 - INFO:Acceso a buzon INFONAVIT, intento: ACR140408T34
2025-09-10 23:44:34,349 - INFO:Acceso a buzon INFONAVIT, intento: ACR140408T34
2025-09-10 23:49:54,417 - INFO:Acceso a buzon INFONAVIT, intento: ACR140408T34
2025-09-10 23:51:30,759 - INFO:Acceso a buzon INFONAVIT, intento: ACR140408T34
2025-09-10 23:54:07,200 - INFO:Acceso a buzon INFONAVIT, intento: ACR140408T34
2025-09-10 23:55:21,024 - INFO:Acceso a buzon INFONAVIT, intento: ACR140408T34
2025-09-10 23:56:18,768 - INFO:Acceso a buzon INFONAVIT, intento: ACR140408T34
2025-09-10 23:58:49,933 - INFO:Acceso a buzon INFONAVIT, intento: ACR140408T34
2025-09-10 23:59:44,118 - INFO:Acceso a buzon INFONAVIT, intento: ACR140408T34
2025-09-13 23:26:32,783 - INFO:Acceso a buzon INFONAVIT, intento: ACR140408T34
2025-09-14 21:59:54,690 - INFO:Acceso a buzon INFONAVIT, intento: ACR140408T34
2025-09-17 23:03:04,939 - INFO:Acceso a buzon INFONAVIT, intento: ACR140408T34
2025-09-24 22:54:45,839 - INFO:Acceso a buzon INFONAVIT, intento: ACR140408T34
2025-09-30 22:36:24,691 - INFO:Acceso a buzon INFONAVIT, intento: ACR140408T34
